Hello from dgx054.hpc.ite.dcai.dk at Fri Sep 18 10:03:34 CEST 2026
Job ID:   507137
Job dir:  /dcai/projects/iu_0141/team6-superfedmmd/pytorch-trialproj-nvflare
2026-09-18 10:03:52,211 - INFO - model selection weights control: {}
2026-09-18 10:03:54,585 - INFO - Initializing BaseModelController workflow.
2026-09-18 10:03:54,585 - INFO - Beginning model controller run.
2026-09-18 10:03:54,585 - INFO - 
================================================================================
                                 Start FedAvg.                                  
================================================================================

2026-09-18 10:03:54,585 - INFO - loading initial model from persistor
2026-09-18 10:03:54,586 - INFO - Both source_ckpt_file_full_name and ckpt_preload_path are not provided. Using the default model weights initialized on the persistor side.
2026-09-18 10:03:54,586 - INFO - 
--------------------------------------------------------------------------------
                                Round 0 started.                                
--------------------------------------------------------------------------------

2026-09-18 10:03:54,586 - INFO - Sampled clients: ['site-1', 'site-2']
2026-09-18 10:03:54,586 - INFO - Sending task train to ['site-1', 'site-2']
2026-09-18 10:03:57,207 - INFO - ClientTaskWorker started to run
2026-09-18 10:03:57,212 - INFO - ClientTaskWorker started to run
2026-09-18 10:03:58,081 - INFO - start task run() with full path: /tmp/nvflare/simulation/hello-pt/site-1/simulate_job/app_site-1/custom/client.py
2026-09-18 10:03:58,081 - INFO - start task run() with full path: /tmp/nvflare/simulation/hello-pt/site-2/simulate_job/app_site-2/custom/client.py
2026-09-18 10:03:58,082 - INFO - Initialize ClientRunner for client: site-1
2026-09-18 10:03:58,082 - INFO - Initialize ClientRunner for client: site-2
2026-09-18 10:03:58,092 - INFO - set transaction info: tx_id='T9f7ba532-8945-40bb-949e-bfd5fec9491f', ref_id='0befff14-3fd2-48e7-b457-aeb7917698ad' self.num_receivers=1
2026-09-18 10:03:58,095 - INFO - set transaction info: tx_id='Tf9ed8a66-f919-49c3-9590-6a27f146a195', ref_id='cabd8608-751d-47f0-8774-c143b998b021' self.num_receivers=1
2026-09-18 10:03:58,145 - INFO - execute for task (train)
2026-09-18 10:03:58,145 - INFO - object has been downloaded to all 1 receivers - clear cache
2026-09-18 10:03:58,145 - INFO - sending task data to in-process trainer
2026-09-18 10:03:58,149 - INFO - execute for task (train)
2026-09-18 10:03:58,150 - INFO - object has been downloaded to all 1 receivers - clear cache
2026-09-18 10:03:58,150 - INFO - sending task data to in-process trainer
2026-09-18 10:03:59,945 - INFO - waiting for result from in-process trainer
2026-09-18 10:03:59,945 - INFO - waiting for result from in-process trainer
2026-09-18 10:04:02,103 - INFO - site = site-1, current_round=0
2026-09-18 10:04:02,119 - INFO - site = site-2, current_round=0
2026-09-18 10:04:02,241 - INFO - Accuracy of the network on 100 test images: 1.00%
2026-09-18 10:04:02,274 - INFO - Accuracy of the network on 100 test images: 1.00%
2026-09-18 10:04:04,142 - INFO - site=site-2, epoch=1/1, loss=2.3022
2026-09-18 10:04:04,145 - INFO - Finished Training for site-2
2026-09-18 10:04:04,191 - INFO - site=site-1, epoch=1/1, loss=2.3030
2026-09-18 10:04:04,195 - INFO - Finished Training for site-1
2026-09-18 10:04:04,367 - INFO - Accuracy of the network on 100 test images: 20.00%
2026-09-18 10:04:04,385 - INFO - site: site-2, sending model to server.
2026-09-18 10:04:04,462 - INFO - set transaction info: tx_id='T6f63632e-7fb0-4435-aa64-e9b4475e8231', ref_id='7e245ef7-3edf-400d-9489-3e3f73d797b1' self.num_receivers=1
2026-09-18 10:04:04,479 - INFO - object has been downloaded to all 1 receivers - clear cache
2026-09-18 10:04:04,480 - INFO - Aggregated 1/2 results
2026-09-18 10:04:04,483 - INFO - Finished one task run for client: site-2 interval: 2 task_processed: True
2026-09-18 10:04:04,484 - INFO - Accuracy of the network on 100 test images: 20.00%
2026-09-18 10:04:04,490 - INFO - site: site-1, sending model to server.
2026-09-18 10:04:04,960 - INFO - set transaction info: tx_id='T1dd42813-9649-43ac-93a6-cb67954a2fbd', ref_id='1bc3165e-b725-4277-9870-1b023ac25e58' self.num_receivers=1
2026-09-18 10:04:04,974 - INFO - Aggregated 2/2 results
2026-09-18 10:04:04,975 - INFO - object has been downloaded to all 1 receivers - clear cache
2026-09-18 10:04:04,978 - INFO - Finished one task run for client: site-1 interval: 2 task_processed: True
2026-09-18 10:04:05,100 - INFO - Start persist model on server.
2026-09-18 10:04:05,109 - INFO - End persist model on server.
2026-09-18 10:04:05,109 - INFO - 
--------------------------------------------------------------------------------
                                Round 1 started.                                
--------------------------------------------------------------------------------

2026-09-18 10:04:05,109 - INFO - Sampled clients: ['site-1', 'site-2']
2026-09-18 10:04:05,109 - INFO - Sending task train to ['site-1', 'site-2']
2026-09-18 10:04:06,492 - INFO - set transaction info: tx_id='T37d6cff7-7fde-4cd4-803e-09f030aacd11', ref_id='c7182edb-e840-4968-bf43-bc6ccda8c76e' self.num_receivers=1
2026-09-18 10:04:06,506 - INFO - execute for task (train)
2026-09-18 10:04:06,506 - INFO - sending task data to in-process trainer
2026-09-18 10:04:06,506 - INFO - object has been downloaded to all 1 receivers - clear cache
2026-09-18 10:04:06,507 - INFO - waiting for result from in-process trainer
2026-09-18 10:04:06,887 - INFO - site = site-2, current_round=1
2026-09-18 10:04:06,990 - INFO - set transaction info: tx_id='Tc20775a3-7a5c-4e02-827b-66fe019cd6dd', ref_id='cd18ca4d-b1a0-47dd-bf8d-c6b3b266a336' self.num_receivers=1
2026-09-18 10:04:07,006 - INFO - Accuracy of the network on 100 test images: 30.00%
2026-09-18 10:04:07,028 - INFO - execute for task (train)
2026-09-18 10:04:07,028 - INFO - sending task data to in-process trainer
2026-09-18 10:04:07,032 - INFO - object has been downloaded to all 1 receivers - clear cache
2026-09-18 10:04:07,033 - INFO - waiting for result from in-process trainer
2026-09-18 10:04:07,051 - INFO - site=site-2, epoch=1/1, loss=2.2540
2026-09-18 10:04:07,052 - INFO - Finished Training for site-2
2026-09-18 10:04:07,059 - INFO - Accuracy of the network on 100 test images: 70.00%
2026-09-18 10:04:07,060 - INFO - site: site-2, sending model to server.
2026-09-18 10:04:07,491 - INFO - site = site-1, current_round=1
2026-09-18 10:04:07,500 - INFO - Accuracy of the network on 100 test images: 30.00%
2026-09-18 10:04:07,529 - INFO - set transaction info: tx_id='Tf2b0be4a-a0cd-49b7-9640-24682f5d362e', ref_id='d9a7a0e6-679d-488c-a0f8-e2b476c41bd6' self.num_receivers=1
2026-09-18 10:04:07,535 - INFO - site=site-1, epoch=1/1, loss=2.2588
2026-09-18 10:04:07,537 - INFO - Finished Training for site-1
2026-09-18 10:04:07,547 - INFO - object has been downloaded to all 1 receivers - clear cache
2026-09-18 10:04:07,548 - INFO - validation metric 30.0 from client site-2
2026-09-18 10:04:07,548 - INFO - Aggregated 1/2 results
2026-09-18 10:04:07,553 - INFO - Accuracy of the network on 100 test images: 40.00%
2026-09-18 10:04:07,554 - INFO - site: site-1, sending model to server.
2026-09-18 10:04:07,554 - INFO - Finished one task run for client: site-2 interval: 2 task_processed: True
2026-09-18 10:04:08,046 - INFO - set transaction info: tx_id='T7e7cec70-887b-4480-b63a-123f62261d61', ref_id='05196d51-7043-40f6-8085-b75a1567b1a8' self.num_receivers=1
2026-09-18 10:04:08,058 - INFO - validation metric 30.0 from client site-1
2026-09-18 10:04:08,058 - INFO - object has been downloaded to all 1 receivers - clear cache
2026-09-18 10:04:08,059 - INFO - Aggregated 2/2 results
2026-09-18 10:04:08,061 - INFO - Finished one task run for client: site-1 interval: 2 task_processed: True
2026-09-18 10:04:08,611 - INFO - new best validation metric at round 1: 30.0
2026-09-18 10:04:08,617 - INFO - Start persist model on server.
2026-09-18 10:04:08,620 - INFO - End persist model on server.
2026-09-18 10:04:08,620 - INFO - 
--------------------------------------------------------------------------------
                                Round 2 started.                                
--------------------------------------------------------------------------------

2026-09-18 10:04:08,621 - INFO - Sampled clients: ['site-1', 'site-2']
2026-09-18 10:04:08,621 - INFO - Sending task train to ['site-1', 'site-2']
2026-09-18 10:04:09,560 - INFO - set transaction info: tx_id='T5ccd6701-bf6c-460f-a71a-273e1977fac2', ref_id='998fc0a7-c1cf-411b-b3bb-75d639f83eae' self.num_receivers=1
2026-09-18 10:04:09,570 - INFO - execute for task (train)
2026-09-18 10:04:09,570 - INFO - object has been downloaded to all 1 receivers - clear cache
2026-09-18 10:04:09,570 - INFO - sending task data to in-process trainer
2026-09-18 10:04:09,571 - INFO - waiting for result from in-process trainer
2026-09-18 10:04:10,061 - INFO - site = site-2, current_round=2
2026-09-18 10:04:10,074 - INFO - set transaction info: tx_id='T59bc8c0d-25c0-4f63-9403-6581420c4def', ref_id='2e034461-cd4f-4633-9022-2fae92463e1a' self.num_receivers=1
2026-09-18 10:04:10,075 - INFO - Accuracy of the network on 100 test images: 70.00%
2026-09-18 10:04:10,102 - INFO - execute for task (train)
2026-09-18 10:04:10,102 - INFO - sending task data to in-process trainer
2026-09-18 10:04:10,103 - INFO - object has been downloaded to all 1 receivers - clear cache
2026-09-18 10:04:10,106 - INFO - waiting for result from in-process trainer
2026-09-18 10:04:10,111 - INFO - site=site-2, epoch=1/1, loss=1.6199
2026-09-18 10:04:10,113 - INFO - Finished Training for site-2
2026-09-18 10:04:10,119 - INFO - Accuracy of the network on 100 test images: 50.00%
2026-09-18 10:04:10,120 - INFO - site: site-2, sending model to server.
2026-09-18 10:04:10,556 - INFO - site = site-1, current_round=2
2026-09-18 10:04:10,565 - INFO - Accuracy of the network on 100 test images: 70.00%
2026-09-18 10:04:10,582 - INFO - set transaction info: tx_id='T169bb68e-5878-4a09-b392-3330d6582f37', ref_id='f9b2fa64-45dd-413d-a961-ec232fe7206c' self.num_receivers=1
2026-09-18 10:04:10,606 - INFO - validation metric 70.0 from client site-2
2026-09-18 10:04:10,606 - INFO - Aggregated 1/2 results
2026-09-18 10:04:10,608 - INFO - site=site-1, epoch=1/1, loss=1.5092
2026-09-18 10:04:10,611 - INFO - Finished one task run for client: site-2 interval: 2 task_processed: True
2026-09-18 10:04:10,612 - INFO - object has been downloaded to all 1 receivers - clear cache
2026-09-18 10:04:10,613 - INFO - Finished Training for site-1
2026-09-18 10:04:10,619 - INFO - Accuracy of the network on 100 test images: 80.00%
2026-09-18 10:04:10,620 - INFO - site: site-1, sending model to server.
2026-09-18 10:04:11,116 - INFO - set transaction info: tx_id='T7f844361-c3a8-4523-8ec1-09548e352d67', ref_id='178efcb4-0f40-4315-9d10-7caf2da1438b' self.num_receivers=1
2026-09-18 10:04:11,128 - INFO - object has been downloaded to all 1 receivers - clear cache
2026-09-18 10:04:11,128 - INFO - validation metric 70.0 from client site-1
2026-09-18 10:04:11,128 - INFO - Aggregated 2/2 results
2026-09-18 10:04:11,131 - INFO - Finished one task run for client: site-1 interval: 2 task_processed: True
2026-09-18 10:04:11,624 - INFO - new best validation metric at round 2: 70.0
2026-09-18 10:04:11,630 - INFO - Start persist model on server.
2026-09-18 10:04:11,632 - INFO - End persist model on server.
2026-09-18 10:04:11,633 - INFO - 
================================================================================
                                Finished FedAvg.                                
================================================================================

2026-09-18 10:04:11,634 - INFO - Formatter not found. Stats will not be printed.
2026-09-18 10:04:11,634 - INFO - Beginning model validation with clients: ['site-1', 'site-2'].
2026-09-18 10:04:11,635 - INFO - Locating server models.
2026-09-18 10:04:11,639 - INFO - Server models loaded: ['SRV_FL_global_model.pt', 'SRV_best_FL_global_model.pt'].
2026-09-18 10:04:11,639 - INFO - Sending SRV_FL_global_model.pt model to all participating clients for validation.
2026-09-18 10:04:11,639 - INFO - Sending SRV_best_FL_global_model.pt model to all participating clients for validation.
2026-09-18 10:04:12,618 - INFO - set transaction info: tx_id='T2f69c738-8505-44a9-b0a3-8c43cc290352', ref_id='67dc97f2-3182-4749-a447-1e18a53ea368' self.num_receivers=1
2026-09-18 10:04:12,630 - INFO - object has been downloaded to all 1 receivers - clear cache
2026-09-18 10:04:12,631 - INFO - execute for task (validate)
2026-09-18 10:04:12,631 - INFO - sending task data to in-process trainer
2026-09-18 10:04:12,632 - INFO - waiting for result from in-process trainer
2026-09-18 10:04:13,124 - INFO - site = site-2, current_round=None
2026-09-18 10:04:13,133 - INFO - Accuracy of the network on 100 test images: 77.00%
2026-09-18 10:04:13,133 - INFO - site = site-2, running cross-site evaluation
2026-09-18 10:04:13,140 - INFO - set transaction info: tx_id='Td8df9cfe-96e0-4038-b4f9-6668cd499d86', ref_id='1b05f49d-4395-48b3-9eac-02c370f2c2a4' self.num_receivers=1
2026-09-18 10:04:13,145 - INFO - Saved validation result from client 'site-2' on model 'SRV_FL_global_model.pt' in /tmp/nvflare/simulation/hello-pt/server/simulate_job/cross_site_val/result_shareables/site-2_SRV_FL_global_model.pt
2026-09-18 10:04:13,149 - INFO - Finished one task run for client: site-2 interval: 2 task_processed: True
2026-09-18 10:04:13,155 - INFO - object has been downloaded to all 1 receivers - clear cache
2026-09-18 10:04:13,155 - INFO - execute for task (validate)
2026-09-18 10:04:13,155 - INFO - sending task data to in-process trainer
2026-09-18 10:04:13,156 - INFO - waiting for result from in-process trainer
2026-09-18 10:04:13,622 - INFO - site = site-1, current_round=None
2026-09-18 10:04:13,632 - INFO - Accuracy of the network on 100 test images: 75.00%
2026-09-18 10:04:13,632 - INFO - site = site-1, running cross-site evaluation
2026-09-18 10:04:13,666 - INFO - Saved validation result from client 'site-1' on model 'SRV_FL_global_model.pt' in /tmp/nvflare/simulation/hello-pt/server/simulate_job/cross_site_val/result_shareables/site-1_SRV_FL_global_model.pt
2026-09-18 10:04:13,668 - INFO - Finished one task run for client: site-1 interval: 2 task_processed: True
2026-09-18 10:04:15,156 - INFO - set transaction info: tx_id='Td87c848d-0da8-4858-b4a3-728bc5d8ad3c', ref_id='0bd8d06b-8fc1-4c3f-94d0-14b811624001' self.num_receivers=1
2026-09-18 10:04:15,167 - INFO - execute for task (validate)
2026-09-18 10:04:15,167 - INFO - sending task data to in-process trainer
2026-09-18 10:04:15,168 - INFO - object has been downloaded to all 1 receivers - clear cache
2026-09-18 10:04:15,168 - INFO - waiting for result from in-process trainer
2026-09-18 10:04:15,636 - INFO - site = site-2, current_round=None
2026-09-18 10:04:15,674 - INFO - set transaction info: tx_id='Ta499c5c5-04e1-47b6-b0c4-9fe30f8b72b2', ref_id='252cef49-f01a-406b-a405-5acd19c37990' self.num_receivers=1
2026-09-18 10:04:15,687 - INFO - Accuracy of the network on 100 test images: 70.00%
2026-09-18 10:04:15,688 - INFO - site = site-2, running cross-site evaluation
2026-09-18 10:04:15,695 - INFO - object has been downloaded to all 1 receivers - clear cache
2026-09-18 10:04:15,695 - INFO - execute for task (validate)
2026-09-18 10:04:15,695 - INFO - sending task data to in-process trainer
2026-09-18 10:04:15,696 - INFO - waiting for result from in-process trainer
2026-09-18 10:04:16,133 - INFO - site = site-1, current_round=None
2026-09-18 10:04:16,143 - INFO - Accuracy of the network on 100 test images: 70.00%
2026-09-18 10:04:16,143 - INFO - site = site-1, running cross-site evaluation
2026-09-18 10:04:16,179 - INFO - Saved validation result from client 'site-2' on model 'SRV_best_FL_global_model.pt' in /tmp/nvflare/simulation/hello-pt/server/simulate_job/cross_site_val/result_shareables/site-2_SRV_best_FL_global_model.pt
2026-09-18 10:04:16,181 - INFO - Finished one task run for client: site-2 interval: 2 task_processed: True
2026-09-18 10:04:16,206 - INFO - Saved validation result from client 'site-1' on model 'SRV_best_FL_global_model.pt' in /tmp/nvflare/simulation/hello-pt/server/simulate_job/cross_site_val/result_shareables/site-1_SRV_best_FL_global_model.pt
2026-09-18 10:04:16,208 - INFO - Finished one task run for client: site-1 interval: 2 task_processed: True
2026-09-18 10:04:18,189 - WARNING - ask to stop job: reason: END_RUN received
2026-09-18 10:04:18,214 - WARNING - ask to stop job: reason: END_RUN received
2026-09-18 10:04:18,648 - WARNING - request to stop the job for reason END_RUN received
2026-09-18 10:04:18,652 - INFO - End the Simulator run.
2026-09-18 10:04:18,689 - WARNING - request to stop the job for reason END_RUN received
2026-09-18 10:04:18,692 - INFO - End the Simulator run.
Note, get_status returns None in SimEnv. The simulation logs can be found at /tmp/nvflare/simulation/hello-pt

Simulation completed successfully.
Result can be found in : /tmp/nvflare/simulation/hello-pt

Done.
